---
source: graphql-toolkit/tests/it_ser_pretty_formatter_query.rs
expression: query
---
query ($var1: [Int] = [1, 2, 3]) {
  field
}
