---
source: graphql-toolkit-writer/tests/it_fmt_compact_exec_document.rs
expression: query
---
{field(arg1:{key1:{key2:"value"}}){field2}}
