---
source: graphql-toolkit-writer/tests/it_fmt_compact_exec_document.rs
expression: query
---
{field(arg1:{key1:"value",key2:1.61803}){field2}}
