---
source: graphql-toolkit-writer/tests/it_fmt_compact_exec_document.rs
expression: query
---
{...on SomeType@include(if:$expandedInfo){field21,field22},field1}
