---
source: graphql-toolkit-writer/tests/it_fmt_compact_exec_document.rs
expression: query
---
query($var1:Float=1.61803){field}
