---
source: graphql-toolkit-writer/tests/it_fmt_compact_exec_document.rs
expression: query
---
query($argv:Bytes=[1,2,3]){field}
