---
source: graphql-toolkit/tests/it_ser_compact_formatter_query.rs
expression: query
---
query($argv:Bytes=[1,2,3]){field}
