---
source: graphql-toolkit/tests/it_ser_compact_formatter_query.rs
expression: query
---
{field(arg1:{key1:"value",key2:1.61803}){field2}}
