---
source: thegraph-graphql-poet/tests/it_ser_compact_formatter_query.rs
expression: query
---
{field(arg:{key1:{key2:"value"}})}
