---
source: thegraph-graphql-poet/tests/it_ser_compact_formatter_query.rs
expression: query
---
query MyQuery{an_alias:field}
