---
source: thegraph-graphql-poet/tests/it_ser_compact_formatter_query.rs
expression: query
---
{field(id:1,argv:[[1,2],[3,4]])}
