---
source: graphql-toolkit/tests/it_ser_pretty_formatter_query.rs
expression: query
---
{
  ... on SomeType {
    field21
    field22
  }
  field1
}
