---
source: thegraph-graphql-poet/tests/it_ser_compact_formatter_query.rs
expression: query
---
query($foo:Bytes=[1,2,3]){field}
