---
source: graphql-toolkit/tests/it_ser_compact_formatter_query.rs
expression: query
---
{...on SomeType@include(if:$expandedInfo){field21,field22},field1}
