---
source: graphql-toolkit/tests/it_ser_compact_formatter_query.rs
expression: query
---
query MyQuery@deprecated{field}
