---
source: graphql-toolkit/tests/it_ser_pretty_formatter_query.rs
expression: query
---
{
  field(arg1: -0.0) {
    field2
  }
}
