---
source: graphql-toolkit/tests/it_ser_compact_formatter_query.rs
expression: query
---
{field1(arg1:"value1"){field2}}
