---
source: graphql-toolkit/tests/it_ser_pretty_formatter_query.rs
expression: query
---
{
  field1 {
    field12 {
      field13
    }
  }
  field2
}
