---
source: graphql-toolkit/tests/it_ser_compact_formatter_query.rs
expression: query
---
{field(arg1:{key1:{key2:"value"}}){field2}}
