---
source: graphql-toolkit/tests/it_ser_compact_formatter_query.rs
expression: query
---
{field1@lowerCase@skip(if:true){field2}}
