---
source: graphql-toolkit/tests/it_ser_compact_formatter_query.rs
expression: query
---
query MyQuery($var1:String!){field}
