---
source: graphql-toolkit/tests/it_ser_pretty_formatter_query.rs
expression: query
---
{
  field1
}
fragment MyFragment on SomeType {
  field2
}
